// Jest Snapshot v1, https://goo.gl/fbAQLP

exports[`Correct Render 1`] = `
Object {
  "asFragment": [Function],
  "baseElement": <body>
    <div>
      <div
        class="display-card-body card-group mb-3 h-100 card"
      >
        <div
          class="card"
        >
          <a
            class="card-link"
          >
            <img
              class="card-img card-img"
            />
          </a>
          <div
            class="card-body"
          >
            <div
              class="card-title h5"
            >
              <strong />
            </div>
            <div
              class="mb-2 text-muted card-subtitle h6"
            />
            <div
              class="mb-2 card-type card-subtitle h6"
            />
            <p
              class="card-text"
            />
            <a
              class="card-links card-link"
            >
              Link to item 
              <i
                class="fas fa-link"
              />
            </a>
            <a
              class="button-not-clicked card-links card-link"
              id="addFavBtn"
            >
              Favourite 
              <i
                class="far fa-heart"
              />
            </a>
          </div>
        </div>
      </div>
    </div>
  </body>,
  "container": <div>
    <div
      class="display-card-body card-group mb-3 h-100 card"
    >
      <div
        class="card"
      >
        <a
          class="card-link"
        >
          <img
            class="card-img card-img"
          />
        </a>
        <div
          class="card-body"
        >
          <div
            class="card-title h5"
          >
            <strong />
          </div>
          <div
            class="mb-2 text-muted card-subtitle h6"
          />
          <div
            class="mb-2 card-type card-subtitle h6"
          />
          <p
            class="card-text"
          />
          <a
            class="card-links card-link"
          >
            Link to item 
            <i
              class="fas fa-link"
            />
          </a>
          <a
            class="button-not-clicked card-links card-link"
            id="addFavBtn"
          >
            Favourite 
            <i
              class="far fa-heart"
            />
          </a>
        </div>
      </div>
    </div>
  </div>,
  "debug": [Function],
  "findAllByAltText": [Function],
  "findAllByDisplayValue": [Function],
  "findAllByLabelText": [Function],
  "findAllByPlaceholderText": [Function],
  "findAllByRole": [Function],
  "findAllByTestId": [Function],
  "findAllByText": [Function],
  "findAllByTitle": [Function],
  "findByAltText": [Function],
  "findByDisplayValue": [Function],
  "findByLabelText": [Function],
  "findByPlaceholderText": [Function],
  "findByRole": [Function],
  "findByTestId": [Function],
  "findByText": [Function],
  "findByTitle": [Function],
  "getAllByAltText": [Function],
  "getAllByDisplayValue": [Function],
  "getAllByLabelText": [Function],
  "getAllByPlaceholderText": [Function],
  "getAllByRole": [Function],
  "getAllByTestId": [Function],
  "getAllByText": [Function],
  "getAllByTitle": [Function],
  "getByAltText": [Function],
  "getByDisplayValue": [Function],
  "getByLabelText": [Function],
  "getByPlaceholderText": [Function],
  "getByRole": [Function],
  "getByTestId": [Function],
  "getByText": [Function],
  "getByTitle": [Function],
  "queryAllByAltText": [Function],
  "queryAllByDisplayValue": [Function],
  "queryAllByLabelText": [Function],
  "queryAllByPlaceholderText": [Function],
  "queryAllByRole": [Function],
  "queryAllByTestId": [Function],
  "queryAllByText": [Function],
  "queryAllByTitle": [Function],
  "queryByAltText": [Function],
  "queryByDisplayValue": [Function],
  "queryByLabelText": [Function],
  "queryByPlaceholderText": [Function],
  "queryByRole": [Function],
  "queryByTestId": [Function],
  "queryByText": [Function],
  "queryByTitle": [Function],
  "rerender": [Function],
  "unmount": [Function],
}
`;
